[1/21] Linking CXX static library lib\libgmock.a
[2/21] Linking CXX static library lib\libgmock_main.a
[3/21] Building CXX object CMakeFiles/mindtrace_core.dir/src/core/indexing/inverted_index.cpp.obj
FAILED: [code=1] CMakeFiles/mindtrace_core.dir/src/core/indexing/inverted_index.cpp.obj 
C:\msys64\ucrt64\bin\g++.exe -DSPDLOG_COMPILED_LIB -IC:/Users/harsh/.gemini/antigravity/scratch/MindTrace/src -IC:/Users/harsh/.gemini/antigravity/scratch/MindTrace/build/_deps/nlohmann_json-src/include -IC:/Users/harsh/.gemini/antigravity/scratch/MindTrace/build/_deps/spdlog-src/include -IC:/Users/harsh/.gemini/antigravity/scratch/MindTrace/third_party/sqlite3/sqlite-amalgamation-3460000 -O3 -DNDEBUG -std=c++20 -MD -MT CMakeFiles/mindtrace_core.dir/src/core/indexing/inverted_index.cpp.obj -MF CMakeFiles\mindtrace_core.dir\src\core\indexing\inverted_index.cpp.obj.d -o CMakeFiles/mindtrace_core.dir/src/core/indexing/inverted_index.cpp.obj -c C:/Users/harsh/.gemini/antigravity/scratch/MindTrace/src/core/indexing/inverted_index.cpp
C:/Users/harsh/.gemini/antigravity/scratch/MindTrace/src/core/indexing/inverted_index.cpp: In member function 'void mindtrace::InvertedIndex::add(const mindtrace::ActivityEvent&)':
C:/Users/harsh/.gemini/antigravity/scratch/MindTrace/src/core/indexing/inverted_index.cpp:9:10: error: 'unique_lock' is not a member of 'std'
    9 |     std::unique_lock lock(mutex_);
      |          ^~~~~~~~~~~
C:/Users/harsh/.gemini/antigravity/scratch/MindTrace/src/core/indexing/inverted_index.cpp:2:1: note: 'std::unique_lock' is defined in header '<mutex>'; this is probably fixable by adding '#include <mutex>'
    1 | #include "core/indexing/inverted_index.hpp"
  +++ |+#include <mutex>
    2 | 
C:/Users/harsh/.gemini/antigravity/scratch/MindTrace/src/core/indexing/inverted_index.cpp: In member function 'void mindtrace::InvertedIndex::clear()':
C:/Users/harsh/.gemini/antigravity/scratch/MindTrace/src/core/indexing/inverted_index.cpp:112:10: error: 'unique_lock' is not a member of 'std'
  112 |     std::unique_lock lock(mutex_);
      |          ^~~~~~~~~~~
C:/Users/harsh/.gemini/antigravity/scratch/MindTrace/src/core/indexing/inverted_index.cpp:112:10: note: 'std::unique_lock' is defined in header '<mutex>'; this is probably fixable by adding '#include <mutex>'
[4/21] Building CXX object CMakeFiles/mindtrace_search.dir/src/search/query_parser.cpp.obj
FAILED: [code=1] CMakeFiles/mindtrace_search.dir/src/search/query_parser.cpp.obj 
C:\msys64\ucrt64\bin\g++.exe -DSPDLOG_COMPILED_LIB -IC:/Users/harsh/.gemini/antigravity/scratch/MindTrace/src -IC:/Users/harsh/.gemini/antigravity/scratch/MindTrace/build/_deps/nlohmann_json-src/include -IC:/Users/harsh/.gemini/antigravity/scratch/MindTrace/build/_deps/spdlog-src/include -IC:/Users/harsh/.gemini/antigravity/scratch/MindTrace/third_party/sqlite3/sqlite-amalgamation-3460000 -O3 -DNDEBUG -std=c++20 -MD -MT CMakeFiles/mindtrace_search.dir/src/search/query_parser.cpp.obj -MF CMakeFiles\mindtrace_search.dir\src\search\query_parser.cpp.obj.d -o CMakeFiles/mindtrace_search.dir/src/search/query_parser.cpp.obj -c C:/Users/harsh/.gemini/antigravity/scratch/MindTrace/src/search/query_parser.cpp
C:/Users/harsh/.gemini/antigravity/scratch/MindTrace/src/search/query_parser.cpp: In member function 'void mindtrace::QueryParser::extract_query_keywords(const std::string&, mindtrace::QuerySpec&) const':
C:/Users/harsh/.gemini/antigravity/scratch/MindTrace/src/search/query_parser.cpp:141:23: error: 'unordered_set' in namespace 'std' does not name a template type
  141 |     static const std::unordered_set<std::string> stop_words = {
      |                       ^~~~~~~~~~~~~
C:/Users/harsh/.gemini/antigravity/scratch/MindTrace/src/search/query_parser.cpp:9:1: note: 'std::unordered_set' is defined in header '<unordered_set>'; this is probably fixable by adding '#include <unordered_set>'
    8 | #include <regex>
  +++ |+#include <unordered_set>
    9 | 
C:/Users/harsh/.gemini/antigravity/scratch/MindTrace/src/search/query_parser.cpp:162:51: error: 'stop_words' was not declared in this scope
  162 |         if (!clean.empty() && clean.size() > 1 && stop_words.find(clean) == stop_words.end()) {
      |                                                   ^~~~~~~~~~
[5/21] Building CXX object CMakeFiles/mindtrace_core.dir/src/core/storage/event_store.cpp.obj
FAILED: [code=1] CMakeFiles/mindtrace_core.dir/src/core/storage/event_store.cpp.obj 
C:\msys64\ucrt64\bin\g++.exe -DSPDLOG_COMPILED_LIB -IC:/Users/harsh/.gemini/antigravity/scratch/MindTrace/src -IC:/Users/harsh/.gemini/antigravity/scratch/MindTrace/build/_deps/nlohmann_json-src/include -IC:/Users/harsh/.gemini/antigravity/scratch/MindTrace/build/_deps/spdlog-src/include -IC:/Users/harsh/.gemini/antigravity/scratch/MindTrace/third_party/sqlite3/sqlite-amalgamation-3460000 -O3 -DNDEBUG -std=c++20 -MD -MT CMakeFiles/mindtrace_core.dir/src/core/storage/event_store.cpp.obj -MF CMakeFiles\mindtrace_core.dir\src\core\storage\event_store.cpp.obj.d -o CMakeFiles/mindtrace_core.dir/src/core/storage/event_store.cpp.obj -c C:/Users/harsh/.gemini/antigravity/scratch/MindTrace/src/core/storage/event_store.cpp
C:/Users/harsh/.gemini/antigravity/scratch/MindTrace/src/core/storage/event_store.cpp: In member function 'virtual uint64_t mindtrace::EventStore::save(const mindtrace::ActivityEvent&)':
C:/Users/harsh/.gemini/antigravity/scratch/MindTrace/src/core/storage/event_store.cpp:74:47: error: cannot convert 'mindtrace::sqlite3_stmt**' to 'sqlite3_stmt**'
   74 |     int rc = sqlite3_prepare_v2(db_, sql, -1, &stmt, nullptr);
      |                                               ^~~~~
      |                                               |
      |                                               mindtrace::sqlite3_stmt**
In file included from C:/Users/harsh/.gemini/antigravity/scratch/MindTrace/src/core/storage/event_store.cpp:3:
C:/Users/harsh/.gemini/antigravity/scratch/MindTrace/third_party/sqlite3/sqlite-amalgamation-3460000/sqlite3.h:4305:18: note: initializing argument 4 of 'int sqlite3_prepare_v2(sqlite3*, const char*, int, sqlite3_stmt**, const char**)'
 4305 |   sqlite3_stmt **ppStmt,  /* OUT: Statement handle */
      |   ~~~~~~~~~~~~~~~^~~~~~
C:/Users/harsh/.gemini/antigravity/scratch/MindTrace/src/core/storage/event_store.cpp:84:24: error: cannot convert 'mindtrace::sqlite3_stmt*' to 'sqlite3_stmt*'
   84 |     sqlite3_bind_int64(stmt, 1, static_cast<sqlite3_int64>(event.timestamp));
      |                        ^~~~
      |                        |
      |                        mindtrace::sqlite3_stmt*
C:/Users/harsh/.gemini/antigravity/scratch/MindTrace/third_party/sqlite3/sqlite-amalgamation-3460000/sqlite3.h:4706:35: note: initializing argument 1 of 'int sqlite3_bind_int64(sqlite3_stmt*, int, sqlite3_int64)'
 4706 | SQLITE_API int sqlite3_bind_int64(sqlite3_stmt*, int, sqlite3_int64);
      |                                   ^~~~~~~~~~~~~
In file included from C:/Users/harsh/.gemini/antigravity/scratch/MindTrace/src/core/storage/event_store.cpp:1:
C:/Users/harsh/.gemini/antigravity/scratch/MindTrace/src/core/storage/event_store.hpp:37:53: note: class type 'mindtrace::sqlite3_stmt' is incomplete
   37 |     [[nodiscard]] ActivityEvent row_to_event(struct sqlite3_stmt* stmt) const;
      |                                                     ^~~~~~~~~~~~
C:/Users/harsh/.gemini/antigravity/scratch/MindTrace/src/core/storage/event_store.cpp:85:23: error: cannot convert 'mindtrace::sqlite3_stmt*' to 'sqlite3_stmt*'
   85 |     sqlite3_bind_text(stmt, 2, type_str.c_str(), -1, SQLITE_TRANSIENT);
      |                       ^~~~
      |                       |
      |                       mindtrace::sqlite3_stmt*
C:/Users/harsh/.gemini/antigravity/scratch/MindTrace/third_party/sqlite3/sqlite-amalgamation-3460000/sqlite3.h:4708:34: note: initializing argument 1 of 'int sqlite3_bind_text(sqlite3_stmt*, int, const char*, int, void (*)(void*))'
 4708 | SQLITE_API int sqlite3_bind_text(sqlite3_stmt*,int,const char*,int,void(*)(void*));
      |                                  ^~~~~~~~~~~~~
C:/Users/harsh/.gemini/antigravity/scratch/MindTrace/src/core/storage/event_store.hpp:37:53: note: class type 'mindtrace::sqlite3_stmt' is incomplete
   37 |     [[nodiscard]] ActivityEvent row_to_event(struct sqlite3_stmt* stmt) const;
      |                                                     ^~~~~~~~~~~~
C:/Users/harsh/.gemini/antigravity/scratch/MindTrace/src/core/storage/event_store.cpp:86:23: error: cannot convert 'mindtrace::sqlite3_stmt*' to 'sqlite3_stmt*'
   86 |     sqlite3_bind_text(stmt, 3, event.source.c_str(), -1, SQLITE_TRANSIENT);
      |                       ^~~~
      |                       |
      |                       mindtrace::sqlite3_stmt*
C:/Users/harsh/.gemini/antigravity/scratch/MindTrace/third_party/sqlite3/sqlite-amalgamation-3460000/sqlite3.h:4708:34: note: initializing argument 1 of 'int sqlite3_bind_text(sqlite3_stmt*, int, const char*, int, void (*)(void*))'
 4708 | SQLITE_API int sqlite3_bind_text(sqlite3_stmt*,int,const char*,int,void(*)(void*));
      |                                  ^~~~~~~~~~~~~
C:/Users/harsh/.gemini/antigravity/scratch/MindTrace/src/core/storage/event_store.hpp:37:53: note: class type 'mindtrace::sqlite3_stmt' is incomplete
   37 |     [[nodiscard]] ActivityEvent row_to_event(struct sqlite3_stmt* stmt) const;
      |                                                     ^~~~~~~~~~~~
C:/Users/harsh/.gemini/antigravity/scratch/MindTrace/src/core/storage/event_store.cpp:87:23: error: cannot convert 'mindtrace::sqlite3_stmt*' to 'sqlite3_stmt*'
   87 |     sqlite3_bind_text(stmt, 4, event.content.c_str(), -1, SQLITE_TRANSIENT);
      |                       ^~~~
      |                       |
      |                       mindtrace::sqlite3_stmt*
C:/Users/harsh/.gemini/antigravity/scratch/MindTrace/third_party/sqlite3/sqlite-amalgamation-3460000/sqlite3.h:4708:34: note: initializing argument 1 of 'int sqlite3_bind_text(sqlite3_stmt*, int, const char*, int, void (*)(void*))'
 4708 | SQLITE_API int sqlite3_bind_text(sqlite3_stmt*,int,const char*,int,void(*)(void*));
      |                                  ^~~~~~~~~~~~~
C:/Users/harsh/.gemini/antigravity/scratch/MindTrace/src/core/storage/event_store.hpp:37:53: note: class type 'mindtrace::sqlite3_stmt' is incomplete
   37 |     [[nodiscard]] ActivityEvent row_to_event(struct sqlite3_stmt* stmt) const;
      |                                                     ^~~~~~~~~~~~
C:/Users/harsh/.gemini/antigravity/scratch/MindTrace/src/core/storage/event_store.cpp:88:23: error: cannot convert 'mindtrace::sqlite3_stmt*' to 'sqlite3_stmt*'
   88 |     sqlite3_bind_text(stmt, 5, meta_str.c_str(), -1, SQLITE_TRANSIENT);
      |                       ^~~~
      |                       |
      |                       mindtrace::sqlite3_stmt*
C:/Users/harsh/.gemini/antigravity/scratch/MindTrace/third_party/sqlite3/sqlite-amalgamation-3460000/sqlite3.h:4708:34: note: initializing argument 1 of 'int sqlite3_bind_text(sqlite3_stmt*, int, const char*, int, void (*)(void*))'
 4708 | SQLITE_API int sqlite3_bind_text(sqlite3_stmt*,int,const char*,int,void(*)(void*));
      |                                  ^~~~~~~~~~~~~
C:/Users/harsh/.gemini/antigravity/scratch/MindTrace/src/core/storage/event_store.hpp:37:53: note: class type 'mindtrace::sqlite3_stmt' is incomplete
   37 |     [[nodiscard]] ActivityEvent row_to_event(struct sqlite3_stmt* stmt) const;
      |                                                     ^~~~~~~~~~~~
C:/Users/harsh/.gemini/antigravity/scratch/MindTrace/src/core/storage/event_store.cpp:90:23: error: cannot convert 'mindtrace::sqlite3_stmt*' to 'sqlite3_stmt*'
   90 |     rc = sqlite3_step(stmt);
      |                       ^~~~
      |                       |
      |                       mindtrace::sqlite3_stmt*
C:/Users/harsh/.gemini/antigravity/scratch/MindTrace/third_party/sqlite3/sqlite-amalgamation-3460000/sqlite3.h:5004:29: note: initializing argument 1 of 'int sqlite3_step(sqlite3_stmt*)'
 5004 | SQLITE_API int sqlite3_step(sqlite3_stmt*);
      |                             ^~~~~~~~~~~~~
C:/Users/harsh/.gemini/antigravity/scratch/MindTrace/src/core/storage/event_store.hpp:37:53: note: class type 'mindtrace::sqlite3_stmt' is incomplete
   37 |     [[nodiscard]] ActivityEvent row_to_event(struct sqlite3_stmt* stmt) const;
      |                                                     ^~~~~~~~~~~~
C:/Users/harsh/.gemini/antigravity/scratch/MindTrace/src/core/storage/event_store.cpp:91:22: error: cannot convert 'mindtrace::sqlite3_stmt*' to 'sqlite3_stmt*'
   91 |     sqlite3_finalize(stmt);
      |                      ^~~~
      |                      |
      |                      mindtrace::sqlite3_stmt*
C:/Users/harsh/.gemini/antigravity/scratch/MindTrace/third_party/sqlite3/sqlite-amalgamation-3460000/sqlite3.h:5309:47: note: initializing argument 1 of 'int sqlite3_finalize(sqlite3_stmt*)'
 5309 | SQLITE_API int sqlite3_finalize(sqlite3_stmt *pStmt);
      |                                 ~~~~~~~~~~~~~~^~~~~
C:/Users/harsh/.gemini/antigravity/scratch/MindTrace/src/core/storage/event_store.hpp:37:53: note: class type 'mindtrace::sqlite3_stmt' is incomplete
   37 |     [[nodiscard]] ActivityEvent row_to_event(struct sqlite3_stmt* stmt) const;
      |                                                     ^~~~~~~~~~~~
C:/Users/harsh/.gemini/antigravity/scratch/MindTrace/src/core/storage/event_store.cpp: In member function 'virtual void mindtrace::EventStore::save_batch(const std::vector<mindtrace::ActivityEvent>&)':
C:/Users/harsh/.gemini/antigravity/scratch/MindTrace/src/core/storage/event_store.cpp:112:38: error: cannot convert 'mindtrace::sqlite3_stmt**' to 'sqlite3_stmt**'
  112 |     sqlite3_prepare_v2(db_, sql, -1, &stmt, nullptr);
      |                                      ^~~~~
      |                                      |
      |                                      mindtrace::sqlite3_stmt**
C:/Users/harsh/.gemini/antigravity/scratch/MindTrace/third_party/sqlite3/sqlite-amalgamation-3460000/sqlite3.h:4305:18: note: initializing argument 4 of 'int sqlite3_prepare_v2(sqlite3*, const char*, int, sqlite3_stmt**, const char**)'
 4305 |   sqlite3_stmt **ppStmt,  /* OUT: Statement handle */
      |   ~~~~~~~~~~~~~~~^~~~~~
C:/Users/harsh/.gemini/antigravity/scratch/MindTrace/src/core/storage/event_store.cpp:119:28: error: cannot convert 'mindtrace::sqlite3_stmt*' to 'sqlite3_stmt*'
  119 |         sqlite3_bind_int64(stmt, 1, static_cast<sqlite3_int64>(event.timestamp));
      |                            ^~~~
      |                            |
      |                            mindtrace::sqlite3_stmt*
C:/Users/harsh/.gemini/antigravity/scratch/MindTrace/third_party/sqlite3/sqlite-amalgamation-3460000/sqlite3.h:4706:35: note: initializing argument 1 of 'int sqlite3_bind_int64(sqlite3_stmt*, int, sqlite3_int64)'
 4706 | SQLITE_API int sqlite3_bind_int64(sqlite3_stmt*, int, sqlite3_int64);
      |                                   ^~~~~~~~~~~~~
C:/Users/harsh/.gemini/antigravity/scratch/MindTrace/src/core/storage/event_store.hpp:37:53: note: class type 'mindtrace::sqlite3_stmt' is incomplete
   37 |     [[nodiscard]] ActivityEvent row_to_event(struct sqlite3_stmt* stmt) const;
      |                                                     ^~~~~~~~~~~~
C:/Users/harsh/.gemini/antigravity/scratch/MindTrace/src/core/storage/event_store.cpp:120:27: error: cannot convert 'mindtrace::sqlite3_stmt*' to 'sqlite3_stmt*'
  120 |         sqlite3_bind_text(stmt, 2, type_str.c_str(), -1, SQLITE_TRANSIENT);
      |                           ^~~~
      |                           |
      |                           mindtrace::sqlite3_stmt*
C:/Users/harsh/.gemini/antigravity/scratch/MindTrace/third_party/sqlite3/sqlite-amalgamation-3460000/sqlite3.h:4708:34: note: initializing argument 1 of 'int sqlite3_bind_text(sqlite3_stmt*, int, const char*, int, void (*)(void*))'
 4708 | SQLITE_API int sqlite3_bind_text(sqlite3_stmt*,int,const char*,int,void(*)(void*));
      |                                  ^~~~~~~~~~~~~
C:/Users/harsh/.gemini/antigravity/scratch/MindTrace/src/core/storage/event_store.hpp:37:53: note: class type 'mindtrace::sqlite3_stmt' is incomplete
   37 |     [[nodiscard]] ActivityEvent row_to_event(struct sqlite3_stmt* stmt) const;
      |                                                     ^~~~~~~~~~~~
C:/Users/harsh/.gemini/antigravity/scratch/MindTrace/src/core/storage/event_store.cpp:121:27: error: cannot convert 'mindtrace::sqlite3_stmt*' to 'sqlite3_stmt*'
  121 |         sqlite3_bind_text(stmt, 3, event.source.c_str(), -1, SQLITE_TRANSIENT);
      |                           ^~~~
      |                           |
      |                           mindtrace::sqlite3_stmt*
C:/Users/harsh/.gemini/antigravity/scratch/MindTrace/third_party/sqlite3/sqlite-amalgamation-3460000/sqlite3.h:4708:34: note: initializing argument 1 of 'int sqlite3_bind_text(sqlite3_stmt*, int, const char*, int, void (*)(void*))'
 4708 | SQLITE_API int sqlite3_bind_text(sqlite3_stmt*,int,const char*,int,void(*)(void*));
      |                                  ^~~~~~~~~~~~~
C:/Users/harsh/.gemini/antigravity/scratch/MindTrace/src/core/storage/event_store.hpp:37:53: note: class type 'mindtrace::sqlite3_stmt' is incomplete
   37 |     [[nodiscard]] ActivityEvent row_to_event(struct sqlite3_stmt* stmt) const;
      |                                                     ^~~~~~~~~~~~
C:/Users/harsh/.gemini/antigravity/scratch/MindTrace/src/core/storage/event_store.cpp:122:27: error: cannot convert 'mindtrace::sqlite3_stmt*' to 'sqlite3_stmt*'
  122 |         sqlite3_bind_text(stmt, 4, event.content.c_str(), -1, SQLITE_TRANSIENT);
      |                           ^~~~
      |                           |
      |                           mindtrace::sqlite3_stmt*
C:/Users/harsh/.gemini/antigravity/scratch/MindTrace/third_party/sqlite3/sqlite-amalgamation-3460000/sqlite3.h:4708:34: note: initializing argument 1 of 'int sqlite3_bind_text(sqlite3_stmt*, int, const char*, int, void (*)(void*))'
 4708 | SQLITE_API int sqlite3_bind_text(sqlite3_stmt*,int,const char*,int,void(*)(void*));
      |                                  ^~~~~~~~~~~~~
C:/Users/harsh/.gemini/antigravity/scratch/MindTrace/src/core/storage/event_store.hpp:37:53: note: class type 'mindtrace::sqlite3_stmt' is incomplete
   37 |     [[nodiscard]] ActivityEvent row_to_event(struct sqlite3_stmt* stmt) const;
      |                                                     ^~~~~~~~~~~~
C:/Users/harsh/.gemini/antigravity/scratch/MindTrace/src/core/storage/event_store.cpp:123:27: error: cannot convert 'mindtrace::sqlite3_stmt*' to 'sqlite3_stmt*'
  123 |         sqlite3_bind_text(stmt, 5, meta_str.c_str(), -1, SQLITE_TRANSIENT);
      |                           ^~~~
      |                           |
      |                           mindtrace::sqlite3_stmt*
C:/Users/harsh/.gemini/antigravity/scratch/MindTrace/third_party/sqlite3/sqlite-amalgamation-3460000/sqlite3.h:4708:34: note: initializing argument 1 of 'int sqlite3_bind_text(sqlite3_stmt*, int, const char*, int, void (*)(void*))'
 4708 | SQLITE_API int sqlite3_bind_text(sqlite3_stmt*,int,const char*,int,void(*)(void*));
      |                                  ^~~~~~~~~~~~~
C:/Users/harsh/.gemini/antigravity/scratch/MindTrace/src/core/storage/event_store.hpp:37:53: note: class type 'mindtrace::sqlite3_stmt' is incomplete
   37 |     [[nodiscard]] ActivityEvent row_to_event(struct sqlite3_stmt* stmt) const;
      |                                                     ^~~~~~~~~~~~
C:/Users/harsh/.gemini/antigravity/scratch/MindTrace/src/core/storage/event_store.cpp:125:22: error: cannot convert 'mindtrace::sqlite3_stmt*' to 'sqlite3_stmt*'
  125 |         sqlite3_step(stmt);
      |                      ^~~~
      |                      |
      |                      mindtrace::sqlite3_stmt*
C:/Users/harsh/.gemini/antigravity/scratch/MindTrace/third_party/sqlite3/sqlite-amalgamation-3460000/sqlite3.h:5004:29: note: initializing argument 1 of 'int sqlite3_step(sqlite3_stmt*)'
 5004 | SQLITE_API int sqlite3_step(sqlite3_stmt*);
      |                             ^~~~~~~~~~~~~
C:/Users/harsh/.gemini/antigravity/scratch/MindTrace/src/core/storage/event_store.hpp:37:53: note: class type 'mindtrace::sqlite3_stmt' is incomplete
   37 |     [[nodiscard]] ActivityEvent row_to_event(struct sqlite3_stmt* stmt) const;
      |                                                     ^~~~~~~~~~~~
C:/Users/harsh/.gemini/antigravity/scratch/MindTrace/src/core/storage/event_store.cpp:126:23: error: cannot convert 'mindtrace::sqlite3_stmt*' to 'sqlite3_stmt*'
  126 |         sqlite3_reset(stmt);
      |                       ^~~~
      |                       |
      |                       mindtrace::sqlite3_stmt*
C:/Users/harsh/.gemini/antigravity/scratch/MindTrace/third_party/sqlite3/sqlite-amalgamation-3460000/sqlite3.h:5348:44: note: initializing argument 1 of 'int sqlite3_reset(sqlite3_stmt*)'
 5348 | SQLITE_API int sqlite3_reset(sqlite3_stmt *pStmt);
      |                              ~~~~~~~~~~~~~~^~~~~
C:/Users/harsh/.gemini/antigravity/scratch/MindTrace/src/core/storage/event_store.hpp:37:53: note: class type 'mindtrace::sqlite3_stmt' is incomplete
   37 |     [[nodiscard]] ActivityEvent row_to_event(struct sqlite3_stmt* stmt) const;
      |                                                     ^~~~~~~~~~~~
C:/Users/harsh/.gemini/antigravity/scratch/MindTrace/src/core/storage/event_store.cpp:129:22: error: cannot convert 'mindtrace::sqlite3_stmt*' to 'sqlite3_stmt*'
  129 |     sqlite3_finalize(stmt);
      |                      ^~~~
      |                      |
      |                      mindtrace::sqlite3_stmt*
C:/Users/harsh/.gemini/antigravity/scratch/MindTrace/third_party/sqlite3/sqlite-amalgamation-3460000/sqlite3.h:5309:47: note: initializing argument 1 of 'int sqlite3_finalize(sqlite3_stmt*)'
 5309 | SQLITE_API int sqlite3_finalize(sqlite3_stmt *pStmt);
      |                                 ~~~~~~~~~~~~~~^~~~~
C:/Users/harsh/.gemini/antigravity/scratch/MindTrace/src/core/storage/event_store.hpp:37:53: note: class type 'mindtrace::sqlite3_stmt' is incomplete
   37 |     [[nodiscard]] ActivityEvent row_to_event(struct sqlite3_stmt* stmt) const;
      |                                                     ^~~~~~~~~~~~
C:/Users/harsh/.gemini/antigravity/scratch/MindTrace/src/core/storage/event_store.cpp: In member function 'virtual std::optional<mindtrace::ActivityEvent> mindtrace::EventStore::find_by_id(uint64_t) const':
C:/Users/harsh/.gemini/antigravity/scratch/MindTrace/src/core/storage/event_store.cpp:138:38: error: cannot convert 'mindtrace::sqlite3_stmt**' to 'sqlite3_stmt**'
  138 |     sqlite3_prepare_v2(db_, sql, -1, &stmt, nullptr);
      |                                      ^~~~~
      |                                      |
      |                                      mindtrace::sqlite3_stmt**
C:/Users/harsh/.gemini/antigravity/scratch/MindTrace/third_party/sqlite3/sqlite-amalgamation-3460000/sqlite3.h:4305:18: note: initializing argument 4 of 'int sqlite3_prepare_v2(sqlite3*, const char*, int, sqlite3_stmt**, const char**)'
 4305 |   sqlite3_stmt **ppStmt,  /* OUT: Statement handle */
      |   ~~~~~~~~~~~~~~~^~~~~~
C:/Users/harsh/.gemini/antigravity/scratch/MindTrace/src/core/storage/event_store.cpp:139:24: error: cannot convert 'mindtrace::sqlite3_stmt*' to 'sqlite3_stmt*'
  139 |     sqlite3_bind_int64(stmt, 1, static_cast<sqlite3_int64>(id));
      |                        ^~~~
      |                        |
      |                        mindtrace::sqlite3_stmt*
C:/Users/harsh/.gemini/antigravity/scratch/MindTrace/third_party/sqlite3/sqlite-amalgamation-3460000/sqlite3.h:4706:35: note: initializing argument 1 of 'int sqlite3_bind_int64(sqlite3_stmt*, int, sqlite3_int64)'
 4706 | SQLITE_API int sqlite3_bind_int64(sqlite3_stmt*, int, sqlite3_int64);
      |                                   ^~~~~~~~~~~~~
C:/Users/harsh/.gemini/antigravity/scratch/MindTrace/src/core/storage/event_store.hpp:37:53: note: class type 'mindtrace::sqlite3_stmt' is incomplete
   37 |     [[nodiscard]] ActivityEvent row_to_event(struct sqlite3_stmt* stmt) const;
      |                                                     ^~~~~~~~~~~~
C:/Users/harsh/.gemini/antigravity/scratch/MindTrace/src/core/storage/event_store.cpp:142:22: error: cannot convert 'mindtrace::sqlite3_stmt*' to 'sqlite3_stmt*'
  142 |     if (sqlite3_step(stmt) == SQLITE_ROW) {
      |                      ^~~~
      |                      |
      |                      mindtrace::sqlite3_stmt*
C:/Users/harsh/.gemini/antigravity/scratch/MindTrace/third_party/sqlite3/sqlite-amalgamation-3460000/sqlite3.h:5004:29: note: initializing argument 1 of 'int sqlite3_step(sqlite3_stmt*)'
 5004 | SQLITE_API int sqlite3_step(sqlite3_stmt*);
      |                             ^~~~~~~~~~~~~
C:/Users/harsh/.gemini/antigravity/scratch/MindTrace/src/core/storage/event_store.hpp:37:53: note: class type 'mindtrace::sqlite3_stmt' is incomplete
   37 |     [[nodiscard]] ActivityEvent row_to_event(struct sqlite3_stmt* stmt) const;
      |                                                     ^~~~~~~~~~~~
C:/Users/harsh/.gemini/antigravity/scratch/MindTrace/src/core/storage/event_store.cpp:146:22: error: cannot convert 'mindtrace::sqlite3_stmt*' to 'sqlite3_stmt*'
  146 |     sqlite3_finalize(stmt);
      |                      ^~~~
      |                      |
      |                      mindtrace::sqlite3_stmt*
C:/Users/harsh/.gemini/antigravity/scratch/MindTrace/third_party/sqlite3/sqlite-amalgamation-3460000/sqlite3.h:5309:47: note: initializing argument 1 of 'int sqlite3_finalize(sqlite3_stmt*)'
 5309 | SQLITE_API int sqlite3_finalize(sqlite3_stmt *pStmt);
      |                                 ~~~~~~~~~~~~~~^~~~~
C:/Users/harsh/.gemini/antigravity/scratch/MindTrace/src/core/storage/event_store.hpp:37:53: note: class type 'mindtrace::sqlite3_stmt' is incomplete
   37 |     [[nodiscard]] ActivityEvent row_to_event(struct sqlite3_stmt* stmt) const;
      |                                                     ^~~~~~~~~~~~
C:/Users/harsh/.gemini/antigravity/scratch/MindTrace/src/core/storage/event_store.cpp: In member function 'virtual std::vector<mindtrace::ActivityEvent> mindtrace::EventStore::find_by_time_range(uint64_t, uint64_t) const':
C:/Users/harsh/.gemini/antigravity/scratch/MindTrace/src/core/storage/event_store.cpp:156:38: error: cannot convert 'mindtrace::sqlite3_stmt**' to 'sqlite3_stmt**'
  156 |     sqlite3_prepare_v2(db_, sql, -1, &stmt, nullptr);
      |                                      ^~~~~
      |                                      |
      |                                      mindtrace::sqlite3_stmt**
C:/Users/harsh/.gemini/antigravity/scratch/MindTrace/third_party/sqlite3/sqlite-amalgamation-3460000/sqlite3.h:4305:18: note: initializing argument 4 of 'int sqlite3_prepare_v2(sqlite3*, const char*, int, sqlite3_stmt**, const char**)'
 4305 |   sqlite3_stmt **ppStmt,  /* OUT: Statement handle */
      |   ~~~~~~~~~~~~~~~^~~~~~
C:/Users/harsh/.gemini/antigravity/scratch/MindTrace/src/core/storage/event_store.cpp:157:24: error: cannot convert 'mindtrace::sqlite3_stmt*' to 'sqlite3_stmt*'
  157 |     sqlite3_bind_int64(stmt, 1, static_cast<sqlite3_int64>(start));
      |                        ^~~~
      |                        |
      |                        mindtrace::sqlite3_stmt*
C:/Users/harsh/.gemini/antigravity/scratch/MindTrace/third_party/sqlite3/sqlite-amalgamation-3460000/sqlite3.h:4706:35: note: initializing argument 1 of 'int sqlite3_bind_int64(sqlite3_stmt*, int, sqlite3_int64)'
 4706 | SQLITE_API int sqlite3_bind_int64(sqlite3_stmt*, int, sqlite3_int64);
      |                                   ^~~~~~~~~~~~~
C:/Users/harsh/.gemini/antigravity/scratch/MindTrace/src/core/storage/event_store.hpp:37:53: note: class type 'mindtrace::sqlite3_stmt' is incomplete
   37 |     [[nodiscard]] ActivityEvent row_to_event(struct sqlite3_stmt* stmt) const;
      |                                                     ^~~~~~~~~~~~
C:/Users/harsh/.gemini/antigravity/scratch/MindTrace/src/core/storage/event_store.cpp:158:24: error: cannot convert 'mindtrace::sqlite3_stmt*' to 'sqlite3_stmt*'
  158 |     sqlite3_bind_int64(stmt, 2, static_cast<sqlite3_int64>(end));
      |                        ^~~~
      |                        |
      |                        mindtrace::sqlite3_stmt*
C:/Users/harsh/.gemini/antigravity/scratch/MindTrace/third_party/sqlite3/sqlite-amalgamation-3460000/sqlite3.h:4706:35: note: initializing argument 1 of 'int sqlite3_bind_int64(sqlite3_stmt*, int, sqlite3_int64)'
 4706 | SQLITE_API int sqlite3_bind_int64(sqlite3_stmt*, int, sqlite3_int64);
      |                                   ^~~~~~~~~~~~~
C:/Users/harsh/.gemini/antigravity/scratch/MindTrace/src/core/storage/event_store.hpp:37:53: note: class type 'mindtrace::sqlite3_stmt' is incomplete
   37 |     [[nodiscard]] ActivityEvent row_to_event(struct sqlite3_stmt* stmt) const;
      |                                                     ^~~~~~~~~~~~
C:/Users/harsh/.gemini/antigravity/scratch/MindTrace/src/core/storage/event_store.cpp:161:25: error: cannot convert 'mindtrace::sqlite3_stmt*' to 'sqlite3_stmt*'
  161 |     while (sqlite3_step(stmt) == SQLITE_ROW) {
      |                         ^~~~
      |                         |
      |                         mindtrace::sqlite3_stmt*
C:/Users/harsh/.gemini/antigravity/scratch/MindTrace/third_party/sqlite3/sqlite-amalgamation-3460000/sqlite3.h:5004:29: note: initializing argument 1 of 'int sqlite3_step(sqlite3_stmt*)'
 5004 | SQLITE_API int sqlite3_step(sqlite3_stmt*);
      |                             ^~~~~~~~~~~~~
C:/Users/harsh/.gemini/antigravity/scratch/MindTrace/src/core/storage/event_store.hpp:37:53: note: class type 'mindtrace::sqlite3_stmt' is incomplete
   37 |     [[nodiscard]] ActivityEvent row_to_event(struct sqlite3_stmt* stmt) const;
      |                                                     ^~~~~~~~~~~~
C:/Users/harsh/.gemini/antigravity/scratch/MindTrace/src/core/storage/event_store.cpp:165:22: error: cannot convert 'mindtrace::sqlite3_stmt*' to 'sqlite3_stmt*'
  165 |     sqlite3_finalize(stmt);
      |                      ^~~~
      |                      |
      |                      mindtrace::sqlite3_stmt*
C:/Users/harsh/.gemini/antigravity/scratch/MindTrace/third_party/sqlite3/sqlite-amalgamation-3460000/sqlite3.h:5309:47: note: initializing argument 1 of 'int sqlite3_finalize(sqlite3_stmt*)'
 5309 | SQLITE_API int sqlite3_finalize(sqlite3_stmt *pStmt);
      |                                 ~~~~~~~~~~~~~~^~~~~
C:/Users/harsh/.gemini/antigravity/scratch/MindTrace/src/core/storage/event_store.hpp:37:53: note: class type 'mindtrace::sqlite3_stmt' is incomplete
   37 |     [[nodiscard]] ActivityEvent row_to_event(struct sqlite3_stmt* stmt) const;
      |                                                     ^~~~~~~~~~~~
C:/Users/harsh/.gemini/antigravity/scratch/MindTrace/src/core/storage/event_store.cpp: In member function 'virtual std::vector<mindtrace::ActivityEvent> mindtrace::EventStore::find_by_type(mindtrace::EventType) const':
C:/Users/harsh/.gemini/antigravity/scratch/MindTrace/src/core/storage/event_store.cpp:174:38: error: cannot convert 'mindtrace::sqlite3_stmt**' to 'sqlite3_stmt**'
  174 |     sqlite3_prepare_v2(db_, sql, -1, &stmt, nullptr);
      |                                      ^~~~~
      |                                      |
      |                                      mindtrace::sqlite3_stmt**
C:/Users/harsh/.gemini/antigravity/scratch/MindTrace/third_party/sqlite3/sqlite-amalgamation-3460000/sqlite3.h:4305:18: note: initializing argument 4 of 'int sqlite3_prepare_v2(sqlite3*, const char*, int, sqlite3_stmt**, const char**)'
 4305 |   sqlite3_stmt **ppStmt,  /* OUT: Statement handle */
      |   ~~~~~~~~~~~~~~~^~~~~~
C:/Users/harsh/.gemini/antigravity/scratch/MindTrace/src/core/storage/event_store.cpp:176:23: error: cannot convert 'mindtrace::sqlite3_stmt*' to 'sqlite3_stmt*'
  176 |     sqlite3_bind_text(stmt, 1, type_str.c_str(), -1, SQLITE_TRANSIENT);
      |                       ^~~~
      |                       |
      |                       mindtrace::sqlite3_stmt*
C:/Users/harsh/.gemini/antigravity/scratch/MindTrace/third_party/sqlite3/sqlite-amalgamation-3460000/sqlite3.h:4708:34: note: initializing argument 1 of 'int sqlite3_bind_text(sqlite3_stmt*, int, const char*, int, void (*)(void*))'
 4708 | SQLITE_API int sqlite3_bind_text(sqlite3_stmt*,int,const char*,int,void(*)(void*));
      |                                  ^~~~~~~~~~~~~
C:/Users/harsh/.gemini/antigravity/scratch/MindTrace/src/core/storage/event_store.hpp:37:53: note: class type 'mindtrace::sqlite3_stmt' is incomplete
   37 |     [[nodiscard]] ActivityEvent row_to_event(struct sqlite3_stmt* stmt) const;
      |                                                     ^~~~~~~~~~~~
C:/Users/harsh/.gemini/antigravity/scratch/MindTrace/src/core/storage/event_store.cpp:179:25: error: cannot convert 'mindtrace::sqlite3_stmt*' to 'sqlite3_stmt*'
  179 |     while (sqlite3_step(stmt) == SQLITE_ROW) {
      |                         ^~~~
      |                         |
      |                         mindtrace::sqlite3_stmt*
C:/Users/harsh/.gemini/antigravity/scratch/MindTrace/third_party/sqlite3/sqlite-amalgamation-3460000/sqlite3.h:5004:29: note: initializing argument 1 of 'int sqlite3_step(sqlite3_stmt*)'
 5004 | SQLITE_API int sqlite3_step(sqlite3_stmt*);
      |                             ^~~~~~~~~~~~~
C:/Users/harsh/.gemini/antigravity/scratch/MindTrace/src/core/storage/event_store.hpp:37:53: note: class type 'mindtrace::sqlite3_stmt' is incomplete
   37 |     [[nodiscard]] ActivityEvent row_to_event(struct sqlite3_stmt* stmt) const;
      |                                                     ^~~~~~~~~~~~
C:/Users/harsh/.gemini/antigravity/scratch/MindTrace/src/core/storage/event_store.cpp:183:22: error: cannot convert 'mindtrace::sqlite3_stmt*' to 'sqlite3_stmt*'
  183 |     sqlite3_finalize(stmt);
      |                      ^~~~
      |                      |
      |                      mindtrace::sqlite3_stmt*
C:/Users/harsh/.gemini/antigravity/scratch/MindTrace/third_party/sqlite3/sqlite-amalgamation-3460000/sqlite3.h:5309:47: note: initializing argument 1 of 'int sqlite3_finalize(sqlite3_stmt*)'
 5309 | SQLITE_API int sqlite3_finalize(sqlite3_stmt *pStmt);
      |                                 ~~~~~~~~~~~~~~^~~~~
C:/Users/harsh/.gemini/antigravity/scratch/MindTrace/src/core/storage/event_store.hpp:37:53: note: class type 'mindtrace::sqlite3_stmt' is incomplete
   37 |     [[nodiscard]] ActivityEvent row_to_event(struct sqlite3_stmt* stmt) const;
      |                                                     ^~~~~~~~~~~~
C:/Users/harsh/.gemini/antigravity/scratch/MindTrace/src/core/storage/event_store.cpp: In member function 'virtual std::vector<mindtrace::ActivityEvent> mindtrace::EventStore::find_by_keyword(const std::string&) const':
C:/Users/harsh/.gemini/antigravity/scratch/MindTrace/src/core/storage/event_store.cpp:194:38: error: cannot convert 'mindtrace::sqlite3_stmt**' to 'sqlite3_stmt**'
  194 |     sqlite3_prepare_v2(db_, sql, -1, &stmt, nullptr);
      |                                      ^~~~~
      |                                      |
      |                                      mindtrace::sqlite3_stmt**
C:/Users/harsh/.gemini/antigravity/scratch/MindTrace/third_party/sqlite3/sqlite-amalgamation-3460000/sqlite3.h:4305:18: note: initializing argument 4 of 'int sqlite3_prepare_v2(sqlite3*, const char*, int, sqlite3_stmt**, const char**)'
 4305 |   sqlite3_stmt **ppStmt,  /* OUT: Statement handle */
      |   ~~~~~~~~~~~~~~~^~~~~~
C:/Users/harsh/.gemini/antigravity/scratch/MindTrace/src/core/storage/event_store.cpp:197:23: error: cannot convert 'mindtrace::sqlite3_stmt*' to 'sqlite3_stmt*'
  197 |     sqlite3_bind_text(stmt, 1, pattern.c_str(), -1, SQLITE_TRANSIENT);
      |                       ^~~~
      |                       |
      |                       mindtrace::sqlite3_stmt*
C:/Users/harsh/.gemini/antigravity/scratch/MindTrace/third_party/sqlite3/sqlite-amalgamation-3460000/sqlite3.h:4708:34: note: initializing argument 1 of 'int sqlite3_bind_text(sqlite3_stmt*, int, const char*, int, void (*)(void*))'
 4708 | SQLITE_API int sqlite3_bind_text(sqlite3_stmt*,int,const char*,int,void(*)(void*));
      |                                  ^~~~~~~~~~~~~
C:/Users/harsh/.gemini/antigravity/scratch/MindTrace/src/core/storage/event_store.hpp:37:53: note: class type 'mindtrace::sqlite3_stmt' is incomplete
   37 |     [[nodiscard]] ActivityEvent row_to_event(struct sqlite3_stmt* stmt) const;
      |                                                     ^~~~~~~~~~~~
C:/Users/harsh/.gemini/antigravity/scratch/MindTrace/src/core/storage/event_store.cpp:198:23: error: cannot convert 'mindtrace::sqlite3_stmt*' to 'sqlite3_stmt*'
  198 |     sqlite3_bind_text(stmt, 2, pattern.c_str(), -1, SQLITE_TRANSIENT);
      |                       ^~~~
      |                       |
      |                       mindtrace::sqlite3_stmt*
C:/Users/harsh/.gemini/antigravity/scratch/MindTrace/third_party/sqlite3/sqlite-amalgamation-3460000/sqlite3.h:4708:34: note: initializing argument 1 of 'int sqlite3_bind_text(sqlite3_stmt*, int, const char*, int, void (*)(void*))'
 4708 | SQLITE_API int sqlite3_bind_text(sqlite3_stmt*,int,const char*,int,void(*)(void*));
      |                                  ^~~~~~~~~~~~~
C:/Users/harsh/.gemini/antigravity/scratch/MindTrace/src/core/storage/event_store.hpp:37:53: note: class type 'mindtrace::sqlite3_stmt' is incomplete
   37 |     [[nodiscard]] ActivityEvent row_to_event(struct sqlite3_stmt* stmt) const;
      |                                                     ^~~~~~~~~~~~
C:/Users/harsh/.gemini/antigravity/scratch/MindTrace/src/core/storage/event_store.cpp:201:25: error: cannot convert 'mindtrace::sqlite3_stmt*' to 'sqlite3_stmt*'
  201 |     while (sqlite3_step(stmt) == SQLITE_ROW) {
      |                         ^~~~
      |                         |
      |                         mindtrace::sqlite3_stmt*
C:/Users/harsh/.gemini/antigravity/scratch/MindTrace/third_party/sqlite3/sqlite-amalgamation-3460000/sqlite3.h:5004:29: note: initializing argument 1 of 'int sqlite3_step(sqlite3_stmt*)'
 5004 | SQLITE_API int sqlite3_step(sqlite3_stmt*);
      |                             ^~~~~~~~~~~~~
C:/Users/harsh/.gemini/antigravity/scratch/MindTrace/src/core/storage/event_store.hpp:37:53: note: class type 'mindtrace::sqlite3_stmt' is incomplete
   37 |     [[nodiscard]] ActivityEvent row_to_event(struct sqlite3_stmt* stmt) const;
      |                                                     ^~~~~~~~~~~~
C:/Users/harsh/.gemini/antigravity/scratch/MindTrace/src/core/storage/event_store.cpp:205:22: error: cannot convert 'mindtrace::sqlite3_stmt*' to 'sqlite3_stmt*'
  205 |     sqlite3_finalize(stmt);
      |                      ^~~~
      |                      |
      |                      mindtrace::sqlite3_stmt*
C:/Users/harsh/.gemini/antigravity/scratch/MindTrace/third_party/sqlite3/sqlite-amalgamation-3460000/sqlite3.h:5309:47: note: initializing argument 1 of 'int sqlite3_finalize(sqlite3_stmt*)'
 5309 | SQLITE_API int sqlite3_finalize(sqlite3_stmt *pStmt);
      |                                 ~~~~~~~~~~~~~~^~~~~
C:/Users/harsh/.gemini/antigravity/scratch/MindTrace/src/core/storage/event_store.hpp:37:53: note: class type 'mindtrace::sqlite3_stmt' is incomplete
   37 |     [[nodiscard]] ActivityEvent row_to_event(struct sqlite3_stmt* stmt) const;
      |                                                     ^~~~~~~~~~~~
C:/Users/harsh/.gemini/antigravity/scratch/MindTrace/src/core/storage/event_store.cpp: In member function 'virtual uint64_t mindtrace::EventStore::count() const':
C:/Users/harsh/.gemini/antigravity/scratch/MindTrace/src/core/storage/event_store.cpp:214:38: error: cannot convert 'mindtrace::sqlite3_stmt**' to 'sqlite3_stmt**'
  214 |     sqlite3_prepare_v2(db_, sql, -1, &stmt, nullptr);
      |                                      ^~~~~
      |                                      |
      |                                      mindtrace::sqlite3_stmt**
C:/Users/harsh/.gemini/antigravity/scratch/MindTrace/third_party/sqlite3/sqlite-amalgamation-3460000/sqlite3.h:4305:18: note: initializing argument 4 of 'int sqlite3_prepare_v2(sqlite3*, const char*, int, sqlite3_stmt**, const char**)'
 4305 |   sqlite3_stmt **ppStmt,  /* OUT: Statement handle */
      |   ~~~~~~~~~~~~~~~^~~~~~
C:/Users/harsh/.gemini/antigravity/scratch/MindTrace/src/core/storage/event_store.cpp:217:22: error: cannot convert 'mindtrace::sqlite3_stmt*' to 'sqlite3_stmt*'
  217 |     if (sqlite3_step(stmt) == SQLITE_ROW) {
      |                      ^~~~
      |                      |
      |                      mindtrace::sqlite3_stmt*
C:/Users/harsh/.gemini/antigravity/scratch/MindTrace/third_party/sqlite3/sqlite-amalgamation-3460000/sqlite3.h:5004:29: note: initializing argument 1 of 'int sqlite3_step(sqlite3_stmt*)'
 5004 | SQLITE_API int sqlite3_step(sqlite3_stmt*);
      |                             ^~~~~~~~~~~~~
C:/Users/harsh/.gemini/antigravity/scratch/MindTrace/src/core/storage/event_store.hpp:37:53: note: class type 'mindtrace::sqlite3_stmt' is incomplete
   37 |     [[nodiscard]] ActivityEvent row_to_event(struct sqlite3_stmt* stmt) const;
      |                                                     ^~~~~~~~~~~~
C:/Users/harsh/.gemini/antigravity/scratch/MindTrace/src/core/storage/event_store.cpp:218:61: error: cannot convert 'mindtrace::sqlite3_stmt*' to 'sqlite3_stmt*'
  218 |         result = static_cast<uint64_t>(sqlite3_column_int64(stmt, 0));
      |                                                             ^~~~
      |                                                             |
      |                                                             mindtrace::sqlite3_stmt*
C:/Users/harsh/.gemini/antigravity/scratch/MindTrace/third_party/sqlite3/sqlite-amalgamation-3460000/sqlite3.h:5275:47: note: initializing argument 1 of 'sqlite3_int64 sqlite3_column_int64(sqlite3_stmt*, int)'
 5275 | SQLITE_API sqlite3_int64 sqlite3_column_int64(sqlite3_stmt*, int iCol);
      |                                               ^~~~~~~~~~~~~
C:/Users/harsh/.gemini/antigravity/scratch/MindTrace/src/core/storage/event_store.hpp:37:53: note: class type 'mindtrace::sqlite3_stmt' is incomplete
   37 |     [[nodiscard]] ActivityEvent row_to_event(struct sqlite3_stmt* stmt) const;
      |                                                     ^~~~~~~~~~~~
C:/Users/harsh/.gemini/antigravity/scratch/MindTrace/src/core/storage/event_store.cpp:221:22: error: cannot convert 'mindtrace::sqlite3_stmt*' to 'sqlite3_stmt*'
  221 |     sqlite3_finalize(stmt);
      |                      ^~~~
      |                      |
      |                      mindtrace::sqlite3_stmt*
C:/Users/harsh/.gemini/antigravity/scratch/MindTrace/third_party/sqlite3/sqlite-amalgamation-3460000/sqlite3.h:5309:47: note: initializing argument 1 of 'int sqlite3_finalize(sqlite3_stmt*)'
 5309 | SQLITE_API int sqlite3_finalize(sqlite3_stmt *pStmt);
      |                                 ~~~~~~~~~~~~~~^~~~~
C:/Users/harsh/.gemini/antigravity/scratch/MindTrace/src/core/storage/event_store.hpp:37:53: note: class type 'mindtrace::sqlite3_stmt' is incomplete
   37 |     [[nodiscard]] ActivityEvent row_to_event(struct sqlite3_stmt* stmt) const;
      |                                                     ^~~~~~~~~~~~
C:/Users/harsh/.gemini/antigravity/scratch/MindTrace/src/core/storage/event_store.cpp: In member function 'mindtrace::ActivityEvent mindtrace::EventStore::row_to_event(mindtrace::sqlite3_stmt*) const':
C:/Users/harsh/.gemini/antigravity/scratch/MindTrace/src/core/storage/event_store.cpp:235:59: error: cannot convert 'mindtrace::sqlite3_stmt*' to 'sqlite3_stmt*'
  235 |     event.id = static_cast<uint64_t>(sqlite3_column_int64(stmt, 0));
      |                                                           ^~~~
      |                                                           |
      |                                                           mindtrace::sqlite3_stmt*
C:/Users/harsh/.gemini/antigravity/scratch/MindTrace/third_party/sqlite3/sqlite-amalgamation-3460000/sqlite3.h:5275:47: note: initializing argument 1 of 'sqlite3_int64 sqlite3_column_int64(sqlite3_stmt*, int)'
 5275 | SQLITE_API sqlite3_int64 sqlite3_column_int64(sqlite3_stmt*, int iCol);
      |                                               ^~~~~~~~~~~~~
C:/Users/harsh/.gemini/antigravity/scratch/MindTrace/src/core/storage/event_store.hpp:37:53: note: class type 'mindtrace::sqlite3_stmt' is incomplete
   37 |     [[nodiscard]] ActivityEvent row_to_event(struct sqlite3_stmt* stmt) const;
      |                                                     ^~~~~~~~~~~~
C:/Users/harsh/.gemini/antigravity/scratch/MindTrace/src/core/storage/event_store.cpp:236:66: error: cannot convert 'mindtrace::sqlite3_stmt*' to 'sqlite3_stmt*'
  236 |     event.timestamp = static_cast<uint64_t>(sqlite3_column_int64(stmt, 1));
      |                                                                  ^~~~
      |                                                                  |
      |                                                                  mindtrace::sqlite3_stmt*
C:/Users/harsh/.gemini/antigravity/scratch/MindTrace/third_party/sqlite3/sqlite-amalgamation-3460000/sqlite3.h:5275:47: note: initializing argument 1 of 'sqlite3_int64 sqlite3_column_int64(sqlite3_stmt*, int)'
 5275 | SQLITE_API sqlite3_int64 sqlite3_column_int64(sqlite3_stmt*, int iCol);
      |                                               ^~~~~~~~~~~~~
C:/Users/harsh/.gemini/antigravity/scratch/MindTrace/src/core/storage/event_store.hpp:37:53: note: class type 'mindtrace::sqlite3_stmt' is incomplete
   37 |     [[nodiscard]] ActivityEvent row_to_event(struct sqlite3_stmt* stmt) const;
      |                                                     ^~~~~~~~~~~~
C:/Users/harsh/.gemini/antigravity/scratch/MindTrace/src/core/storage/event_store.cpp:238:79: error: cannot convert 'mindtrace::sqlite3_stmt*' to 'sqlite3_stmt*'
  238 |     const char* type_text = reinterpret_cast<const char*>(sqlite3_column_text(stmt, 2));
      |                                                                               ^~~~
      |                                                                               |
      |                                                                               mindtrace::sqlite3_stmt*
C:/Users/harsh/.gemini/antigravity/scratch/MindTrace/third_party/sqlite3/sqlite-amalgamation-3460000/sqlite3.h:5276:53: note: initializing argument 1 of 'const unsigned char* sqlite3_column_text(sqlite3_stmt*, int)'
 5276 | SQLITE_API const unsigned char *sqlite3_column_text(sqlite3_stmt*, int iCol);
      |                                                     ^~~~~~~~~~~~~
C:/Users/harsh/.gemini/antigravity/scratch/MindTrace/src/core/storage/event_store.hpp:37:53: note: class type 'mindtrace::sqlite3_stmt' is incomplete
   37 |     [[nodiscard]] ActivityEvent row_to_event(struct sqlite3_stmt* stmt) const;
      |                                                     ^~~~~~~~~~~~
C:/Users/harsh/.gemini/antigravity/scratch/MindTrace/src/core/storage/event_store.cpp:241:81: error: cannot convert 'mindtrace::sqlite3_stmt*' to 'sqlite3_stmt*'
  241 |     const char* source_text = reinterpret_cast<const char*>(sqlite3_column_text(stmt, 3));
      |                                                                                 ^~~~
      |                                                                                 |
      |                                                                                 mindtrace::sqlite3_stmt*
C:/Users/harsh/.gemini/antigravity/scratch/MindTrace/third_party/sqlite3/sqlite-amalgamation-3460000/sqlite3.h:5276:53: note: initializing argument 1 of 'const unsigned char* sqlite3_column_text(sqlite3_stmt*, int)'
 5276 | SQLITE_API const unsigned char *sqlite3_column_text(sqlite3_stmt*, int iCol);
      |                                                     ^~~~~~~~~~~~~
C:/Users/harsh/.gemini/antigravity/scratch/MindTrace/src/core/storage/event_store.hpp:37:53: note: class type 'mindtrace::sqlite3_stmt' is incomplete
   37 |     [[nodiscard]] ActivityEvent row_to_event(struct sqlite3_stmt* stmt) const;
      |                                                     ^~~~~~~~~~~~
C:/Users/harsh/.gemini/antigravity/scratch/MindTrace/src/core/storage/event_store.cpp:244:82: error: cannot convert 'mindtrace::sqlite3_stmt*' to 'sqlite3_stmt*'
  244 |     const char* content_text = reinterpret_cast<const char*>(sqlite3_column_text(stmt, 4));
      |                                                                                  ^~~~
      |                                                                                  |
      |                                                                                  mindtrace::sqlite3_stmt*
C:/Users/harsh/.gemini/antigravity/scratch/MindTrace/third_party/sqlite3/sqlite-amalgamation-3460000/sqlite3.h:5276:53: note: initializing argument 1 of 'const unsigned char* sqlite3_column_text(sqlite3_stmt*, int)'
 5276 | SQLITE_API const unsigned char *sqlite3_column_text(sqlite3_stmt*, int iCol);
      |                                                     ^~~~~~~~~~~~~
C:/Users/harsh/.gemini/antigravity/scratch/MindTrace/src/core/storage/event_store.hpp:37:53: note: class type 'mindtrace::sqlite3_stmt' is incomplete
   37 |     [[nodiscard]] ActivityEvent row_to_event(struct sqlite3_stmt* stmt) const;
      |                                                     ^~~~~~~~~~~~
C:/Users/harsh/.gemini/antigravity/scratch/MindTrace/src/core/storage/event_store.cpp:247:79: error: cannot convert 'mindtrace::sqlite3_stmt*' to 'sqlite3_stmt*'
  247 |     const char* meta_text = reinterpret_cast<const char*>(sqlite3_column_text(stmt, 5));
      |                                                                               ^~~~
      |                                                                               |
      |                                                                               mindtrace::sqlite3_stmt*
C:/Users/harsh/.gemini/antigravity/scratch/MindTrace/third_party/sqlite3/sqlite-amalgamation-3460000/sqlite3.h:5276:53: note: initializing argument 1 of 'const unsigned char* sqlite3_column_text(sqlite3_stmt*, int)'
 5276 | SQLITE_API const unsigned char *sqlite3_column_text(sqlite3_stmt*, int iCol);
      |                                                     ^~~~~~~~~~~~~
C:/Users/harsh/.gemini/antigravity/scratch/MindTrace/src/core/storage/event_store.hpp:37:53: note: class type 'mindtrace::sqlite3_stmt' is incomplete
   37 |     [[nodiscard]] ActivityEvent row_to_event(struct sqlite3_stmt* stmt) const;
      |                                                     ^~~~~~~~~~~~
[6/21] Building CXX object tests/CMakeFiles/test_timeline_builder.dir/test_timeline_builder.cpp.obj
[7/21] Building CXX object tests/CMakeFiles/test_collectors.dir/test_collectors.cpp.obj
ninja: build stopped: subcommand failed.
